error: dereferencing a raw pointer that was already freed
  --> $DIR/dangling_ptr_dereference.rs:10:17
   |
LL |         let _ = *ptr; // lint
   |                 ^^^^
   |
note: the pointer was freed here
  --> $DIR/dangling_ptr_dereference.rs:9:9
   |
LL |         my_free(ptr);
   |         ^^^^^^^^^^^^
   = note: `-D clippy::dangling-ptr-dereference` implied by `-D warnings`

error: dereferencing a raw pointer that was already freed
  --> $DIR/dangling_ptr_dereference.rs:14:26
   |
LL |         println!("{:?}", *ptr_1); // lint
   |                          ^^^^^^
   |
note: the pointer was freed here
  --> $DIR/dangling_ptr_dereference.rs:13:9
   |
LL |         my_free(ptr_1);
   |         ^^^^^^^^^^^^^^

error: dereferencing a raw pointer that was already freed
  --> $DIR/dangling_ptr_dereference.rs:19:30
   |
LL |             println!("{:?}", *ptr_2); // don't lint
   |                              ^^^^^^
   |
note: the pointer was freed here
  --> $DIR/dangling_ptr_dereference.rs:17:9
   |
LL |         my_free(ptr_2);
   |         ^^^^^^^^^^^^^^

error: aborting due to 3 previous errors

