error: allocating memory without verifying the size
  --> $DIR/fallible_memory_allocation.rs:26:13
   |
LL |     let p = malloc(size); // lint
   |             ^^^^^^^^^^^^
   |
note: unverified size used here
  --> $DIR/fallible_memory_allocation.rs:26:20
   |
LL |     let p = malloc(size); // lint
   |                    ^^^^
   = note: `-D clippy::fallible-memory-allocation` implied by `-D warnings`

error: allocating memory without checking if the result pointer is null
  --> $DIR/fallible_memory_allocation.rs:26:13
   |
LL |     let p = malloc(size); // lint
   |             ^^^^^^^^^^^^

error: allocating memory without verifying the size
  --> $DIR/fallible_memory_allocation.rs:112:24
   |
LL |     let arr: Vec<u8> = Vec::with_capacity(size); // lint
   |                        ^^^^^^^^^^^^^^^^^^^^^^^^
   |
note: unverified size used here
  --> $DIR/fallible_memory_allocation.rs:112:43
   |
LL |     let arr: Vec<u8> = Vec::with_capacity(size); // lint
   |                                           ^^^^

error: allocating memory without verifying the size
  --> $DIR/fallible_memory_allocation.rs:116:24
   |
LL |     let arr: Vec<u8> = Vec::with_capacity(bad_size); // lint
   |                        ^^^^^^^^^^^^^^^^^^^^^^^^^^^^
   |
note: unverified size used here
  --> $DIR/fallible_memory_allocation.rs:116:43
   |
LL |     let arr: Vec<u8> = Vec::with_capacity(bad_size); // lint
   |                                           ^^^^^^^^

error: aborting due to 4 previous errors

