error: type of this numeric variable is unconstrained
  --> $DIR/unconstrained_numeric_literal.rs:12:13
   |
LL |         let x = 22;
   |             ^
   |
note: unconstrained numeric literals defined here
  --> $DIR/unconstrained_numeric_literal.rs:12:17
   |
LL |         let x = 22;
   |                 ^^
   = note: `-D clippy::unconstrained-numeric-literal` implied by `-D warnings`
   = help: to override `-D warnings` add `#[allow(clippy::unconstrained_numeric_literal)]`
help: either add suffix to above numeric literal(s) or label the type explicitly
   |
LL |         let x: i32 = 22;
   |             ~~~~~~

error: type of this numeric variable is unconstrained
  --> $DIR/unconstrained_numeric_literal.rs:15:13
   |
LL |         let x = 22.0;
   |             ^
   |
note: unconstrained numeric literals defined here
  --> $DIR/unconstrained_numeric_literal.rs:15:17
   |
LL |         let x = 22.0;
   |                 ^^^^
help: either add suffix to above numeric literal(s) or label the type explicitly
   |
LL |         let x: f64 = 22.0;
   |             ~~~~~~

error: type of this numeric variable is unconstrained
  --> $DIR/unconstrained_numeric_literal.rs:18:13
   |
LL |         let x: _ = 1;
   |             ^^^^
   |
note: unconstrained numeric literals defined here
  --> $DIR/unconstrained_numeric_literal.rs:18:20
   |
LL |         let x: _ = 1;
   |                    ^
help: either add suffix to above numeric literal(s) or label the type explicitly
   |
LL |         let x: i32 = 1;
   |             ~~~~~~

error: type of this numeric variable is unconstrained
  --> $DIR/unconstrained_numeric_literal.rs:32:17
   |
LL |             let y = 1;
   |                 ^
   |
note: unconstrained numeric literals defined here
  --> $DIR/unconstrained_numeric_literal.rs:32:21
   |
LL |             let y = 1;
   |                     ^
help: either add suffix to above numeric literal(s) or label the type explicitly
   |
LL |             let y: i32 = 1;
   |                 ~~~~~~

error: type of this numeric variable is unconstrained
  --> $DIR/unconstrained_numeric_literal.rs:38:17
   |
LL |             let y = 1;
   |                 ^
   |
note: unconstrained numeric literals defined here
  --> $DIR/unconstrained_numeric_literal.rs:38:21
   |
LL |             let y = 1;
   |                     ^
help: either add suffix to above numeric literal(s) or label the type explicitly
   |
LL |             let y: i32 = 1;
   |                 ~~~~~~

error: type of this numeric variable is unconstrained
  --> $DIR/unconstrained_numeric_literal.rs:50:21
   |
LL |         inline!(let x = 22;);
   |                     ^
   |
note: unconstrained numeric literals defined here
  --> $DIR/unconstrained_numeric_literal.rs:50:25
   |
LL |         inline!(let x = 22;);
   |                         ^^
   = note: this error originates in the macro `__inline_mac_fn_internal` (in Nightly builds, run with -Z macro-backtrace for more info)
help: either add suffix to above numeric literal(s) or label the type explicitly
   |
LL |         inline!(let x: i32 = 22;);
   |                     ~~~~~~

error: aborting due to 6 previous errors

