error: can't read outer files when loading the dynamic libraries!
  --> $DIR/untrusted_lib_loading.rs:9:17
   |
LL |     let mut f = std::fs::File::open("tests/nagisa64.txt").unwrap();
   |                 ^^^^^^^^^^^^^^^^^^^^^^^^^^^^^^^^^^^^^^^^^
   |
note: loading dynamic library here
  --> $DIR/untrusted_lib_loading.rs:14:19
   |
LL |         let lib = libloading::Library::new(&name);
   |                   ^^^^^^^^^^^^^^^^^^^^^^^^^^^^^^^

error: aborting due to previous error

